
PLAY [all] *********************************************************************

TASK [Gathering Facts] *********************************************************
ok: [node1]

TASK [p1_deployment : Include prerequisites] ***********************************
included: /home/vboxuser2/phase_one_ansible/p1_deployment/tasks/prerequisites.yml for node1

TASK [p1_deployment : Update package cache] ************************************
changed: [node1]

TASK [p1_deployment : Install required packages] *******************************
ok: [node1]

TASK [p1_deployment : Install Python packages] *********************************
ok: [node1]

TASK [p1_deployment : Clone the repository] ************************************
changed: [node1]

TASK [p1_deployment : Add Python warnings to bashrc] ***************************
ok: [node1]

TASK [p1_deployment : Configure /etc/hosts] ************************************
included: /home/vboxuser2/phase_one_ansible/p1_deployment/tasks/configure_hosts.yml for node1

TASK [p1_deployment : Read the content of /etc/hosts] **************************
ok: [node1]

TASK [p1_deployment : Add comment before SMO OAM entries] **********************
ok: [node1]

TASK [p1_deployment : Add required entries to /etc/hosts] **********************
ok: [node1] => (item=varun.internship.org)
ok: [node1] => (item=gateway.varun.internship.org)
ok: [node1] => (item=identity.varun.internship.org)
ok: [node1] => (item=messages.varun.internship.org)
ok: [node1] => (item=kafka-bridge.varun.internship.org)
ok: [node1] => (item=kafka-ui.varun.internship.org)
ok: [node1] => (item=odlux.oam.varun.internship.org)
ok: [node1] => (item=flows.oam.varun.internship.org)
ok: [node1] => (item=tests.oam.varun.internship.org)
ok: [node1] => (item=controller.dcn.varun.internship.org)
ok: [node1] => (item=ves-collector.dcn.varun.internship.org)
ok: [node1] => (item=minio.varun.internship.org)
ok: [node1] => (item=redpanda.varun.internship.org)
ok: [node1] => (item=nrtcp.varun.internship.org)

TASK [p1_deployment : Update environment variables in .env files] **************
ok: [node1]

TASK [p1_deployment : Deploy the solution] *************************************
included: /home/vboxuser2/phase_one_ansible/p1_deployment/tasks/deploy.yml for node1

TASK [p1_deployment : Install jinja2 Python module] ****************************
ok: [node1]

TASK [p1_deployment : Run adapt_to_environment executable] *********************
changed: [node1]

TASK [p1_deployment : Run docker-setup.sh script] ******************************
changed: [node1]

TASK [p1_deployment : Deploy NTSIM containers] *********************************
changed: [node1]

TASK [p1_deployment : Restart O-DU container] **********************************
changed: [node1]

TASK [p1_deployment : Run NTSIM config.py script] ******************************
changed: [node1]

TASK [p1_deployment : Automate OAM message tasks] ******************************
included: /home/vboxuser2/phase_one_ansible/p1_deployment/tasks/oam_tasks.yml for node1

TASK [p1_deployment : Ensure VES client scripts directory exists] **************
ok: [node1]

TASK [p1_deployment : Ensure VES scripts are executable] ***********************
ok: [node1] => (item=_example.sh)
ok: [node1] => (item=faults.sh)
ok: [node1] => (item=pnfRegister.sh)
ok: [node1] => (item=send15minPm.sh)
ok: [node1] => (item=sendFault.sh)
ok: [node1] => (item=sendStndDefinedHeartbeat.sh)
ok: [node1] => (item=sendStndDefinedNotifyAlarm.sh)
ok: [node1] => (item=sendStndDefinedNotifyFileReady.sh)
ok: [node1] => (item=sendStndDefinedO1NotifyPnfRegistration.sh)
ok: [node1] => (item=sendTca.sh)

TASK [p1_deployment : Run example.sh script] ***********************************
changed: [node1]

TASK [p1_deployment : Run faults.sh script] ************************************
changed: [node1]

TASK [p1_deployment : List Kafka topics] ***************************************
ok: [node1]

TASK [p1_deployment : Show Kafka topics] ***************************************
ok: [node1] => {
    "kafka_topics.stdout_lines": [
        "DCAE-SE-COLLECTOR-EVENTS-DEV",
        "__consumer_offsets",
        "collected-file",
        "file-ready",
        "json-file-ready-kp",
        "json-file-ready-kpadp",
        "pmreports",
        "unauthenticated.SEC_3GPP_FAULTSUPERVISION_OUTPUT",
        "unauthenticated.SEC_FAULT_OUTPUT",
        "unauthenticated.VES_FILE_READY_OUTPUT",
        "unauthenticated.VES_MEASUREMENT_OUTPUT",
        "unauthenticated.VES_O1_NOTIFY_PNF_REGISTRATION_OUTPUT",
        "unauthenticated.VES_PNFREG_OUTPUT"
    ]
}

TASK [p1_deployment : Check if Kafka topics exist] *****************************
ok: [node1] => (item=DCAE-SE-COLLECTOR-EVENTS-DEV) => {
    "msg": "Kafka topic DCAE-SE-COLLECTOR-EVENTS-DEV exists."
}
ok: [node1] => (item=__consumer_offsets) => {
    "msg": "Kafka topic __consumer_offsets exists."
}
ok: [node1] => (item=collected-file) => {
    "msg": "Kafka topic collected-file exists."
}
ok: [node1] => (item=file-ready) => {
    "msg": "Kafka topic file-ready exists."
}
ok: [node1] => (item=json-file-ready-kp) => {
    "msg": "Kafka topic json-file-ready-kp exists."
}
ok: [node1] => (item=json-file-ready-kpadp) => {
    "msg": "Kafka topic json-file-ready-kpadp exists."
}
ok: [node1] => (item=pmreports) => {
    "msg": "Kafka topic pmreports exists."
}
ok: [node1] => (item=unauthenticated.SEC_3GPP_FAULTSUPERVISION_OUTPUT) => {
    "msg": "Kafka topic unauthenticated.SEC_3GPP_FAULTSUPERVISION_OUTPUT exists."
}
ok: [node1] => (item=unauthenticated.SEC_FAULT_OUTPUT) => {
    "msg": "Kafka topic unauthenticated.SEC_FAULT_OUTPUT exists."
}
ok: [node1] => (item=unauthenticated.VES_FILE_READY_OUTPUT) => {
    "msg": "Kafka topic unauthenticated.VES_FILE_READY_OUTPUT exists."
}
ok: [node1] => (item=unauthenticated.VES_MEASUREMENT_OUTPUT) => {
    "msg": "Kafka topic unauthenticated.VES_MEASUREMENT_OUTPUT exists."
}
ok: [node1] => (item=unauthenticated.VES_O1_NOTIFY_PNF_REGISTRATION_OUTPUT) => {
    "msg": "Kafka topic unauthenticated.VES_O1_NOTIFY_PNF_REGISTRATION_OUTPUT exists."
}
ok: [node1] => (item=unauthenticated.VES_PNFREG_OUTPUT) => {
    "msg": "Kafka topic unauthenticated.VES_PNFREG_OUTPUT exists."
}

TASK [p1_deployment : Check O-DU and O-RU connection status in ODLUX] **********
ok: [node1]

TASK [p1_deployment : Debug raw O-DU and O-RU API response] ********************
ok: [node1] => {
    "odu_oru_status.json": {
        "data-provider:output": {
            "data": [
                {
                    "core-model-capability": "Unsupported",
                    "device-type": "Unknown",
                    "host": "172.19.0.8",
                    "id": "O-DU-1122",
                    "is-required": false,
                    "mount-method": "KeyAuth",
                    "node-details": {
                        "available-capabilities": [
                            "urn:ietf:params:netconf:capability:candidate:1.0",
                            "(urn:ietf:params:xml:ns:yang:ietf-tls-server?revision=2019-07-02)ietf-tls-server",
                            "urn:ietf:params:netconf:capability:with-defaults:1.0?basic-mode=explicit&also-supported=report-all,report-all-tagged,trim,explicit",
                            "(urn:ietf:params:xml:ns:yang:ietf-netconf-monitoring?revision=2010-10-04)ietf-netconf-monitoring",
                            "(urn:ietf:params:xml:ns:yang:ietf-yang-metadata?revision=2016-08-05)ietf-yang-metadata",
                            "(urn:ietf:params:xml:ns:yang:ietf-ssh-server?revision=2019-07-02)ietf-ssh-server",
                            "(urn:ietf:params:xml:ns:yang:ietf-netconf-nmda?revision=2019-01-07)ietf-netconf-nmda",
                            "(urn:o-ran-sc:yang:o-ran-sc-du-hello-world?revision=2021-11-23)o-ran-sc-du-hello-world",
                            "(urn:ietf:params:xml:ns:yang:ietf-system?revision=2014-08-06)ietf-system",
                            "(urn:ietf:params:xml:ns:yang:ietf-keystore?revision=2019-07-02)ietf-keystore",
                            "urn:ietf:params:netconf:capability:xpath:1.0",
                            "(urn:o-ran-sc:params:xml:ns:yang:nts:common?revision=2022-09-29)nts-common",
                            "urn:ietf:params:netconf:capability:startup:1.0",
                            "(urn:onap:system?revision=2022-11-04)onap-system",
                            "(urn:ietf:params:xml:ns:yang:1?revision=2017-02-20)yang",
                            "(urn:ietf:params:xml:ns:yang:ietf-yang-types?revision=2013-07-15)ietf-yang-types",
                            "(urn:ietf:params:xml:ns:yang:ietf-netconf-acm?revision=2018-02-14)ietf-netconf-acm",
                            "(urn:ietf:params:xml:ns:yang:ietf-inet-types?revision=2013-07-15)ietf-inet-types",
                            "urn:ietf:params:netconf:capability:yang-library:1.1?revision=2019-01-04&content-id=37",
                            "urn:ietf:params:netconf:capability:confirmed-commit:1.1",
                            "urn:ietf:params:netconf:capability:writable-running:1.0",
                            "(urn:ietf:params:xml:ns:yang:ietf-ssh-common?revision=2019-07-02)ietf-ssh-common",
                            "(urn:ietf:params:xml:ns:yang:ietf-x509-cert-to-name?revision=2014-12-10)ietf-x509-cert-to-name",
                            "(urn:ietf:params:xml:ns:yang:ietf-tcp-common?revision=2019-07-02)ietf-tcp-common",
                            "(urn:ietf:params:xml:ns:yang:ietf-yang-library?revision=2019-01-04)ietf-yang-library",
                            "(urn:ietf:params:xml:ns:yang:ietf-datastores?revision=2018-02-14)ietf-datastores",
                            "(urn:ietf:params:xml:ns:yang:ietf-crypto-types?revision=2019-07-02)ietf-crypto-types",
                            "urn:ietf:params:netconf:capability:interleave:1.0",
                            "urn:ietf:params:netconf:base:1.1",
                            "(urn:ietf:params:xml:ns:yang:ietf-netconf-server?revision=2019-07-02)ietf-netconf-server",
                            "(urn:ietf:params:xml:ns:netconf:notification:1.0?revision=2008-07-14)notifications",
                            "(urn:ietf:params:xml:ns:netmod:notification?revision=2008-07-14)nc-notifications",
                            "(urn:ietf:params:xml:ns:yang:ietf-tls-common?revision=2019-07-02)ietf-tls-common",
                            "(urn:o-ran-sc:params:xml:ns:yang:nts:network:function?revision=2021-06-18)nts-network-function",
                            "(urn:ietf:params:xml:ns:netconf:base:1.0?revision=2013-09-29)ietf-netconf",
                            "(urn:ietf:params:xml:ns:yang:ietf-truststore?revision=2019-07-02)ietf-truststore",
                            "urn:ietf:params:netconf:base:1.0",
                            "(urn:ietf:params:xml:ns:yang:ietf-tcp-server?revision=2019-07-02)ietf-tcp-server",
                            "(urn:ietf:params:xml:ns:yang:iana-crypt-hash?revision=2014-08-06)iana-crypt-hash",
                            "(urn:ietf:params:xml:ns:yang:ietf-netconf-with-defaults?revision=2011-06-01)ietf-netconf-with-defaults",
                            "urn:ietf:params:netconf:capability:rollback-on-error:1.0",
                            "(urn:ietf:params:xml:ns:yang:ietf-netconf-notifications?revision=2012-02-06)ietf-netconf-notifications",
                            "urn:ietf:params:netconf:capability:notification:1.0",
                            "(urn:ietf:params:xml:ns:yang:ietf-origin?revision=2018-02-14)ietf-origin",
                            "(urn:ietf:params:xml:ns:yang:ietf-tcp-client?revision=2019-07-02)ietf-tcp-client",
                            "urn:ietf:params:netconf:capability:validate:1.1"
                        ],
                        "unavailable-capabilities": [
                            "(urn:sysrepo:plugind?revision=2020-12-10)sysrepo-plugind"
                        ]
                    },
                    "node-id": "O-DU-1122",
                    "port": 830,
                    "status": "Connected",
                    "tls-key": "melacon_server_key",
                    "username": "netconf"
                }
            ],
            "pagination": {
                "page": "1",
                "size": 10,
                "total": "1"
            }
        }
    }
}

TASK [p1_deployment : Show O-DU and O-RU connection status] ********************
ok: [node1] => {
    "odu_oru_status.json": {
        "data-provider:output": {
            "data": [
                {
                    "core-model-capability": "Unsupported",
                    "device-type": "Unknown",
                    "host": "172.19.0.8",
                    "id": "O-DU-1122",
                    "is-required": false,
                    "mount-method": "KeyAuth",
                    "node-details": {
                        "available-capabilities": [
                            "urn:ietf:params:netconf:capability:candidate:1.0",
                            "(urn:ietf:params:xml:ns:yang:ietf-tls-server?revision=2019-07-02)ietf-tls-server",
                            "urn:ietf:params:netconf:capability:with-defaults:1.0?basic-mode=explicit&also-supported=report-all,report-all-tagged,trim,explicit",
                            "(urn:ietf:params:xml:ns:yang:ietf-netconf-monitoring?revision=2010-10-04)ietf-netconf-monitoring",
                            "(urn:ietf:params:xml:ns:yang:ietf-yang-metadata?revision=2016-08-05)ietf-yang-metadata",
                            "(urn:ietf:params:xml:ns:yang:ietf-ssh-server?revision=2019-07-02)ietf-ssh-server",
                            "(urn:ietf:params:xml:ns:yang:ietf-netconf-nmda?revision=2019-01-07)ietf-netconf-nmda",
                            "(urn:o-ran-sc:yang:o-ran-sc-du-hello-world?revision=2021-11-23)o-ran-sc-du-hello-world",
                            "(urn:ietf:params:xml:ns:yang:ietf-system?revision=2014-08-06)ietf-system",
                            "(urn:ietf:params:xml:ns:yang:ietf-keystore?revision=2019-07-02)ietf-keystore",
                            "urn:ietf:params:netconf:capability:xpath:1.0",
                            "(urn:o-ran-sc:params:xml:ns:yang:nts:common?revision=2022-09-29)nts-common",
                            "urn:ietf:params:netconf:capability:startup:1.0",
                            "(urn:onap:system?revision=2022-11-04)onap-system",
                            "(urn:ietf:params:xml:ns:yang:1?revision=2017-02-20)yang",
                            "(urn:ietf:params:xml:ns:yang:ietf-yang-types?revision=2013-07-15)ietf-yang-types",
                            "(urn:ietf:params:xml:ns:yang:ietf-netconf-acm?revision=2018-02-14)ietf-netconf-acm",
                            "(urn:ietf:params:xml:ns:yang:ietf-inet-types?revision=2013-07-15)ietf-inet-types",
                            "urn:ietf:params:netconf:capability:yang-library:1.1?revision=2019-01-04&content-id=37",
                            "urn:ietf:params:netconf:capability:confirmed-commit:1.1",
                            "urn:ietf:params:netconf:capability:writable-running:1.0",
                            "(urn:ietf:params:xml:ns:yang:ietf-ssh-common?revision=2019-07-02)ietf-ssh-common",
                            "(urn:ietf:params:xml:ns:yang:ietf-x509-cert-to-name?revision=2014-12-10)ietf-x509-cert-to-name",
                            "(urn:ietf:params:xml:ns:yang:ietf-tcp-common?revision=2019-07-02)ietf-tcp-common",
                            "(urn:ietf:params:xml:ns:yang:ietf-yang-library?revision=2019-01-04)ietf-yang-library",
                            "(urn:ietf:params:xml:ns:yang:ietf-datastores?revision=2018-02-14)ietf-datastores",
                            "(urn:ietf:params:xml:ns:yang:ietf-crypto-types?revision=2019-07-02)ietf-crypto-types",
                            "urn:ietf:params:netconf:capability:interleave:1.0",
                            "urn:ietf:params:netconf:base:1.1",
                            "(urn:ietf:params:xml:ns:yang:ietf-netconf-server?revision=2019-07-02)ietf-netconf-server",
                            "(urn:ietf:params:xml:ns:netconf:notification:1.0?revision=2008-07-14)notifications",
                            "(urn:ietf:params:xml:ns:netmod:notification?revision=2008-07-14)nc-notifications",
                            "(urn:ietf:params:xml:ns:yang:ietf-tls-common?revision=2019-07-02)ietf-tls-common",
                            "(urn:o-ran-sc:params:xml:ns:yang:nts:network:function?revision=2021-06-18)nts-network-function",
                            "(urn:ietf:params:xml:ns:netconf:base:1.0?revision=2013-09-29)ietf-netconf",
                            "(urn:ietf:params:xml:ns:yang:ietf-truststore?revision=2019-07-02)ietf-truststore",
                            "urn:ietf:params:netconf:base:1.0",
                            "(urn:ietf:params:xml:ns:yang:ietf-tcp-server?revision=2019-07-02)ietf-tcp-server",
                            "(urn:ietf:params:xml:ns:yang:iana-crypt-hash?revision=2014-08-06)iana-crypt-hash",
                            "(urn:ietf:params:xml:ns:yang:ietf-netconf-with-defaults?revision=2011-06-01)ietf-netconf-with-defaults",
                            "urn:ietf:params:netconf:capability:rollback-on-error:1.0",
                            "(urn:ietf:params:xml:ns:yang:ietf-netconf-notifications?revision=2012-02-06)ietf-netconf-notifications",
                            "urn:ietf:params:netconf:capability:notification:1.0",
                            "(urn:ietf:params:xml:ns:yang:ietf-origin?revision=2018-02-14)ietf-origin",
                            "(urn:ietf:params:xml:ns:yang:ietf-tcp-client?revision=2019-07-02)ietf-tcp-client",
                            "urn:ietf:params:netconf:capability:validate:1.1"
                        ],
                        "unavailable-capabilities": [
                            "(urn:sysrepo:plugind?revision=2020-12-10)sysrepo-plugind"
                        ]
                    },
                    "node-id": "O-DU-1122",
                    "port": 830,
                    "status": "Connected",
                    "tls-key": "melacon_server_key",
                    "username": "netconf"
                }
            ],
            "pagination": {
                "page": "1",
                "size": 10,
                "total": "1"
            }
        }
    }
}

TASK [p1_deployment : Check fault messages in ODLUX] ***************************
ok: [node1]

TASK [p1_deployment : Show parsed fault message JSON] **************************
ok: [node1] => {
    "odlux_faults.json": {
        "data-provider:output": {
            "data": [
                {
                    "counter": 0,
                    "id": "PRTNILACQ01M017DEV01/4af8681f-f2e4-4058-8052-4e9343ee7bf2/signalIsLost",
                    "node-id": "PRTNILACQ01M017DEV01",
                    "object-id": "4af8681f-f2e4-4058-8052-4e9343ee7bf2",
                    "problem": "signalIsLost",
                    "severity": "Critical",
                    "timestamp": "2025-04-16T07:38:20.425Z"
                },
                {
                    "counter": 0,
                    "id": "O-RAN-FH-IPv6-01/4af8681f-f2e4-4058-8052-4e9343ee7bf2/LossOfSignalAlarm",
                    "node-id": "O-RAN-FH-IPv6-01",
                    "object-id": "4af8681f-f2e4-4058-8052-4e9343ee7bf2",
                    "problem": "LossOfSignalAlarm",
                    "severity": "Critical",
                    "timestamp": "2025-04-16T07:38:20.506Z"
                },
                {
                    "counter": 0,
                    "id": "virtual33.myguest.virtualbox.org/northbound-interface/connectionLossNe",
                    "node-id": "virtual33.myguest.virtualbox.org",
                    "object-id": "northbound-interface",
                    "problem": "connectionLossNe",
                    "severity": "Major",
                    "timestamp": "2025-04-16T07:38:20.711Z"
                },
                {
                    "counter": 0,
                    "id": "virtual33.myguest.virtualbox.org/connectionLossNe/connectionLossNe",
                    "node-id": "virtual33.myguest.virtualbox.org",
                    "object-id": "connectionLossNe",
                    "problem": "connectionLossNe",
                    "severity": "Major",
                    "timestamp": "2025-04-16T07:38:23.333Z"
                },
                {
                    "counter": 0,
                    "id": "LKCYFL79Q01M01FYNG01/TCA/TCA",
                    "node-id": "LKCYFL79Q01M01FYNG01",
                    "object-id": "TCA",
                    "problem": "TCA",
                    "severity": "Major",
                    "timestamp": "2025-04-16T07:38:21.129Z"
                },
                {
                    "counter": 0,
                    "id": "/HAAMRunningInLowerModulation/HAAMRunningInLowerModulation",
                    "node-id": "",
                    "object-id": "HAAMRunningInLowerModulation",
                    "problem": "HAAMRunningInLowerModulation",
                    "severity": "Major",
                    "timestamp": "2025-04-16T07:38:22.829Z"
                },
                {
                    "counter": 0,
                    "id": "//HAAMRunningInLowerModulation",
                    "node-id": "",
                    "object-id": "",
                    "problem": "HAAMRunningInLowerModulation",
                    "severity": "Major",
                    "timestamp": "2025-04-16T07:38:20.601Z"
                },
                {
                    "counter": 0,
                    "id": "NSHMRIACQ01M01pnf201/lossOfSignal/lossOfSignal",
                    "node-id": "NSHMRIACQ01M01pnf201",
                    "object-id": "lossOfSignal",
                    "problem": "lossOfSignal",
                    "severity": "Critical",
                    "timestamp": "2025-04-16T07:38:20.793Z"
                },
                {
                    "counter": 0,
                    "id": "MMTSIL02Q01M01R2D201/TCA/TCA",
                    "node-id": "MMTSIL02Q01M01R2D201",
                    "object-id": "TCA",
                    "problem": "TCA",
                    "severity": "Minor",
                    "timestamp": "2025-04-16T07:38:21.646Z"
                },
                {
                    "counter": 0,
                    "id": "NSHMRIACQ01M01pnf201/4af8681f-f2e4-4058-8052-4e9343ee7bf2/lossOfSignal",
                    "node-id": "NSHMRIACQ01M01pnf201",
                    "object-id": "4af8681f-f2e4-4058-8052-4e9343ee7bf2",
                    "problem": "lossOfSignal",
                    "severity": "Critical",
                    "timestamp": "2025-04-16T07:38:20.207Z"
                }
            ],
            "pagination": {
                "page": "1",
                "size": 10,
                "total": "14"
            }
        }
    }
}

PLAY RECAP *********************************************************************
node1                      : ok=32   changed=9    unreachable=0    failed=0    skipped=0    rescued=0    ignored=0   

